// Jest Snapshot v1, https://goo.gl/fbAQLP

exports[`it can test anything 1`] = `"foo"`;
