// Jest Snapshot v1, https://goo.gl/fbAQLP

exports[`can test component 1`] = `
<p
  foo="bar"
/>
`;
