exports[`test can test saga 1`] = `
Array [
  Object {
    "done": false,
    "value": Object {
      "foo": "bar"
    }
  }
]
`;
