// Jest Snapshot v1, https://goo.gl/fbAQLP

exports[`can use snapshots 1`] = `
Object {
  "foo": "bar",
}
`;
