// Jest Snapshot v1, https://goo.gl/fbAQLP

exports[`can do multiple operations 1`] = `1`;

exports[`can do multiple operations 2`] = `-1`;

exports[`can do multiple operations 3`] = `-1`;

exports[`can snapshot action 1`] = `1`;
